https://us.soccerway.com/matches/2018/08/10/england/premier-league/manchester-united-fc/leicester-city-fc/3111971/
https://us.soccerway.com/matches/2018/08/10/england/premier-league/manchester-united-fc/leicester-city-fc/3050153/
https://us.soccerway.com/matches/2018/08/10/england/premier-league/manchester-united-fc/leicester-city-fc/3050154/
https://us.soccerway.com/matches/2018/08/10/england/premier-league/manchester-united-fc/leicester-city-fc/3050227/
https://us.soccerway.com/matches/2018/08/10/england/premier-league/manchester-united-fc/leicester-city-fc/3050276/
https://us.soccerway.com/matches/2018/08/10/england/premier-league/manchester-united-fc/leicester-city-fc/3050325/
https://us.soccerway.com/matches/2018/08/10/england/premier-league/manchester-united-fc/leicester-city-fc/3050326/
https://us.soccerway.com/matches/2018/08/10/england/premier-league/manchester-united-fc/leicester-city-fc/3050327/
https://us.soccerway.com/matches/2018/08/10/england/premier-league/manchester-united-fc/leicester-city-fc/3050328/
https://us.soccerway.com/matches/2018/08/10/england/premier-league/manchester-united-fc/leicester-city-fc/3050330/
https://us.soccerway.com/matches/2018/08/10/england/premier-league/manchester-united-fc/leicester-city-fc/3050347/
https://us.soccerway.com/matches/2018/08/10/england/premier-league/manchester-united-fc/leicester-city-fc/2972446/
